Analysis & Synthesis report for Crosswalk_Controller
Thu Aug 12 19:09:21 2021
Quartus Prime Version 20.1.1 Build 720 11/11/2020 SJ Lite Edition


---------------------
; Table of Contents ;
---------------------
  1. Legal Notice
  2. Analysis & Synthesis Summary
  3. Analysis & Synthesis Settings
  4. Parallel Compilation
  5. Analysis & Synthesis Source Files Read
  6. Analysis & Synthesis Resource Usage Summary
  7. Analysis & Synthesis Resource Utilization by Entity
  8. Registers Removed During Synthesis
  9. General Register Statistics
 10. Inverted Register Statistics
 11. Multiplexer Restructuring Statistics (Restructuring Performed)
 12. Port Connectivity Checks: "FSM_CWC:FSM_CWC2"
 13. Port Connectivity Checks: "FSM_CWC:FSM_CWC1"
 14. Port Connectivity Checks: "Counter32Bits:Counter32Bits0"
 15. Post-Synthesis Netlist Statistics for Top Partition
 16. Elapsed Time Per Partition
 17. Analysis & Synthesis Messages



----------------
; Legal Notice ;
----------------
Copyright (C) 2020  Intel Corporation. All rights reserved.
Your use of Intel Corporation's design tools, logic functions 
and other software and tools, and any partner logic 
functions, and any output files from any of the foregoing 
(including device programming or simulation files), and any 
associated documentation or information are expressly subject 
to the terms and conditions of the Intel Program License 
Subscription Agreement, the Intel Quartus Prime License Agreement,
the Intel FPGA IP License Agreement, or other applicable license
agreement, including, without limitation, that your use is for
the sole purpose of programming logic devices manufactured by
Intel and sold by Intel or its authorized distributors.  Please
refer to the applicable agreement for further details, at
https://fpgasoftware.intel.com/eula.



+-------------------------------------------------------------------------------+
; Analysis & Synthesis Summary                                                  ;
+---------------------------------+---------------------------------------------+
; Analysis & Synthesis Status     ; Successful - Thu Aug 12 19:09:21 2021       ;
; Quartus Prime Version           ; 20.1.1 Build 720 11/11/2020 SJ Lite Edition ;
; Revision Name                   ; Crosswalk_Controller                        ;
; Top-level Entity Name           ; Crosswalk_Controller                        ;
; Family                          ; Cyclone V                                   ;
; Logic utilization (in ALMs)     ; N/A                                         ;
; Total registers                 ; 117                                         ;
; Total pins                      ; 120                                         ;
; Total virtual pins              ; 0                                           ;
; Total block memory bits         ; 0                                           ;
; Total DSP Blocks                ; 0                                           ;
; Total HSSI RX PCSs              ; 0                                           ;
; Total HSSI PMA RX Deserializers ; 0                                           ;
; Total HSSI TX PCSs              ; 0                                           ;
; Total HSSI PMA TX Serializers   ; 0                                           ;
; Total PLLs                      ; 0                                           ;
; Total DLLs                      ; 0                                           ;
+---------------------------------+---------------------------------------------+


+-------------------------------------------------------------------------------------------------------------------------------+
; Analysis & Synthesis Settings                                                                                                 ;
+---------------------------------------------------------------------------------+----------------------+----------------------+
; Option                                                                          ; Setting              ; Default Value        ;
+---------------------------------------------------------------------------------+----------------------+----------------------+
; Device                                                                          ; 5CSEMA5F31C6         ;                      ;
; Top-level entity name                                                           ; Crosswalk_Controller ; Crosswalk_Controller ;
; Family name                                                                     ; Cyclone V            ; Cyclone V            ;
; Use smart compilation                                                           ; Off                  ; Off                  ;
; Enable parallel Assembler and Timing Analyzer during compilation                ; On                   ; On                   ;
; Enable compact report table                                                     ; Off                  ; Off                  ;
; Restructure Multiplexers                                                        ; Auto                 ; Auto                 ;
; MLAB Add Timing Constraints For Mixed-Port Feed-Through Mode Setting Don't Care ; Off                  ; Off                  ;
; Create Debugging Nodes for IP Cores                                             ; Off                  ; Off                  ;
; Preserve fewer node names                                                       ; On                   ; On                   ;
; Intel FPGA IP Evaluation Mode                                                   ; Enable               ; Enable               ;
; Verilog Version                                                                 ; Verilog_2001         ; Verilog_2001         ;
; VHDL Version                                                                    ; VHDL_1993            ; VHDL_1993            ;
; State Machine Processing                                                        ; Auto                 ; Auto                 ;
; Safe State Machine                                                              ; Off                  ; Off                  ;
; Extract Verilog State Machines                                                  ; On                   ; On                   ;
; Extract VHDL State Machines                                                     ; On                   ; On                   ;
; Ignore Verilog initial constructs                                               ; Off                  ; Off                  ;
; Iteration limit for constant Verilog loops                                      ; 5000                 ; 5000                 ;
; Iteration limit for non-constant Verilog loops                                  ; 250                  ; 250                  ;
; Add Pass-Through Logic to Inferred RAMs                                         ; On                   ; On                   ;
; Infer RAMs from Raw Logic                                                       ; On                   ; On                   ;
; Parallel Synthesis                                                              ; On                   ; On                   ;
; DSP Block Balancing                                                             ; Auto                 ; Auto                 ;
; NOT Gate Push-Back                                                              ; On                   ; On                   ;
; Power-Up Don't Care                                                             ; On                   ; On                   ;
; Remove Redundant Logic Cells                                                    ; Off                  ; Off                  ;
; Remove Duplicate Registers                                                      ; On                   ; On                   ;
; Ignore CARRY Buffers                                                            ; Off                  ; Off                  ;
; Ignore CASCADE Buffers                                                          ; Off                  ; Off                  ;
; Ignore GLOBAL Buffers                                                           ; Off                  ; Off                  ;
; Ignore ROW GLOBAL Buffers                                                       ; Off                  ; Off                  ;
; Ignore LCELL Buffers                                                            ; Off                  ; Off                  ;
; Ignore SOFT Buffers                                                             ; On                   ; On                   ;
; Limit AHDL Integers to 32 Bits                                                  ; Off                  ; Off                  ;
; Optimization Technique                                                          ; Balanced             ; Balanced             ;
; Carry Chain Length                                                              ; 70                   ; 70                   ;
; Auto Carry Chains                                                               ; On                   ; On                   ;
; Auto Open-Drain Pins                                                            ; On                   ; On                   ;
; Perform WYSIWYG Primitive Resynthesis                                           ; Off                  ; Off                  ;
; Auto ROM Replacement                                                            ; On                   ; On                   ;
; Auto RAM Replacement                                                            ; On                   ; On                   ;
; Auto DSP Block Replacement                                                      ; On                   ; On                   ;
; Auto Shift Register Replacement                                                 ; Auto                 ; Auto                 ;
; Allow Shift Register Merging across Hierarchies                                 ; Auto                 ; Auto                 ;
; Auto Clock Enable Replacement                                                   ; On                   ; On                   ;
; Strict RAM Replacement                                                          ; Off                  ; Off                  ;
; Allow Synchronous Control Signals                                               ; On                   ; On                   ;
; Force Use of Synchronous Clear Signals                                          ; Off                  ; Off                  ;
; Auto Resource Sharing                                                           ; Off                  ; Off                  ;
; Allow Any RAM Size For Recognition                                              ; Off                  ; Off                  ;
; Allow Any ROM Size For Recognition                                              ; Off                  ; Off                  ;
; Allow Any Shift Register Size For Recognition                                   ; Off                  ; Off                  ;
; Use LogicLock Constraints during Resource Balancing                             ; On                   ; On                   ;
; Ignore translate_off and synthesis_off directives                               ; Off                  ; Off                  ;
; Timing-Driven Synthesis                                                         ; On                   ; On                   ;
; Report Parameter Settings                                                       ; On                   ; On                   ;
; Report Source Assignments                                                       ; On                   ; On                   ;
; Report Connectivity Checks                                                      ; On                   ; On                   ;
; Ignore Maximum Fan-Out Assignments                                              ; Off                  ; Off                  ;
; Synchronization Register Chain Length                                           ; 3                    ; 3                    ;
; Power Optimization During Synthesis                                             ; Normal compilation   ; Normal compilation   ;
; HDL message level                                                               ; Level2               ; Level2               ;
; Suppress Register Optimization Related Messages                                 ; Off                  ; Off                  ;
; Number of Removed Registers Reported in Synthesis Report                        ; 5000                 ; 5000                 ;
; Number of Swept Nodes Reported in Synthesis Report                              ; 5000                 ; 5000                 ;
; Number of Inverted Registers Reported in Synthesis Report                       ; 100                  ; 100                  ;
; Clock MUX Protection                                                            ; On                   ; On                   ;
; Auto Gated Clock Conversion                                                     ; Off                  ; Off                  ;
; Block Design Naming                                                             ; Auto                 ; Auto                 ;
; SDC constraint protection                                                       ; Off                  ; Off                  ;
; Synthesis Effort                                                                ; Auto                 ; Auto                 ;
; Shift Register Replacement - Allow Asynchronous Clear Signal                    ; On                   ; On                   ;
; Pre-Mapping Resynthesis Optimization                                            ; Off                  ; Off                  ;
; Analysis & Synthesis Message Level                                              ; Medium               ; Medium               ;
; Disable Register Merging Across Hierarchies                                     ; Auto                 ; Auto                 ;
; Resource Aware Inference For Block RAM                                          ; On                   ; On                   ;
; Automatic Parallel Synthesis                                                    ; On                   ; On                   ;
; Partial Reconfiguration Bitstream ID                                            ; Off                  ; Off                  ;
+---------------------------------------------------------------------------------+----------------------+----------------------+


+------------------------------------------+
; Parallel Compilation                     ;
+----------------------------+-------------+
; Processors                 ; Number      ;
+----------------------------+-------------+
; Number detected on machine ; 8           ;
; Maximum allowed            ; 4           ;
;                            ;             ;
; Average used               ; 1.00        ;
; Maximum used               ; 4           ;
;                            ;             ;
; Usage by Processor         ; % Time Used ;
;     Processor 1            ; 100.0%      ;
;     Processors 2-4         ;   0.0%      ;
+----------------------------+-------------+


+------------------------------------------------------------------------------------------------------------------------------------------------------------------------------------------------+
; Analysis & Synthesis Source Files Read                                                                                                                                                         ;
+----------------------------------+-----------------+-----------------+---------------------------------------------------------------------------------------------------------------+---------+
; File Name with User-Entered Path ; Used in Netlist ; File Type       ; File Name with Absolute Path                                                                                  ; Library ;
+----------------------------------+-----------------+-----------------+---------------------------------------------------------------------------------------------------------------+---------+
; SevenSegments.vhd                ; yes             ; User VHDL File  ; C:/Users/yodav/Documents/Conestoga_College/FIRST_TERM/Digital_Design/LABS/Lab10/VHDL/SevenSegments.vhd        ;         ;
; Crosswalk_Controller.vhd         ; yes             ; User VHDL File  ; C:/Users/yodav/Documents/Conestoga_College/FIRST_TERM/Digital_Design/LABS/Lab10/VHDL/Crosswalk_Controller.vhd ;         ;
; Counter32Bits.vhd                ; yes             ; User VHDL File  ; C:/Users/yodav/Documents/Conestoga_College/FIRST_TERM/Digital_Design/LABS/Lab10/VHDL/Counter32Bits.vhd        ;         ;
; FSM_CWC.vhd                      ; yes             ; User VHDL File  ; C:/Users/yodav/Documents/Conestoga_College/FIRST_TERM/Digital_Design/LABS/Lab10/VHDL/FSM_CWC.vhd              ;         ;
; Counter32BitsReverse.vhd         ; yes             ; User VHDL File  ; C:/Users/yodav/Documents/Conestoga_College/FIRST_TERM/Digital_Design/LABS/Lab10/VHDL/Counter32BitsReverse.vhd ;         ;
; State_Package.vhd                ; yes             ; User VHDL File  ; C:/Users/yodav/Documents/Conestoga_College/FIRST_TERM/Digital_Design/LABS/Lab10/VHDL/State_Package.vhd        ;         ;
+----------------------------------+-----------------+-----------------+---------------------------------------------------------------------------------------------------------------+---------+


+---------------------------------------------------------+
; Analysis & Synthesis Resource Usage Summary             ;
+---------------------------------------------+-----------+
; Resource                                    ; Usage     ;
+---------------------------------------------+-----------+
; Estimate of Logic utilization (ALMs needed) ; 89        ;
;                                             ;           ;
; Combinational ALUT usage for logic          ; 154       ;
;     -- 7 input functions                    ; 0         ;
;     -- 6 input functions                    ; 22        ;
;     -- 5 input functions                    ; 16        ;
;     -- 4 input functions                    ; 2         ;
;     -- <=3 input functions                  ; 114       ;
;                                             ;           ;
; Dedicated logic registers                   ; 117       ;
;                                             ;           ;
; I/O pins                                    ; 120       ;
;                                             ;           ;
; Total DSP Blocks                            ; 0         ;
;                                             ;           ;
; Maximum fan-out node                        ; clk~input ;
; Maximum fan-out                             ; 117       ;
; Total fan-out                               ; 1089      ;
; Average fan-out                             ; 2.13      ;
+---------------------------------------------+-----------+


+-----------------------------------------------------------------------------------------------------------------------------------------------------------------------------------------------------------------------------------------------------+
; Analysis & Synthesis Resource Utilization by Entity                                                                                                                                                                                                 ;
+------------------------------------------+---------------------+---------------------------+-------------------+------------+------+--------------+-----------------------------------------------------------+----------------------+--------------+
; Compilation Hierarchy Node               ; Combinational ALUTs ; Dedicated Logic Registers ; Block Memory Bits ; DSP Blocks ; Pins ; Virtual Pins ; Full Hierarchy Name                                       ; Entity Name          ; Library Name ;
+------------------------------------------+---------------------+---------------------------+-------------------+------------+------+--------------+-----------------------------------------------------------+----------------------+--------------+
; |Crosswalk_Controller                    ; 154 (0)             ; 117 (0)                   ; 0                 ; 0          ; 120  ; 0            ; |Crosswalk_Controller                                     ; Crosswalk_Controller ; work         ;
;    |Counter32Bits:Counter32Bits0|        ; 40 (40)             ; 33 (33)                   ; 0                 ; 0          ; 0    ; 0            ; |Crosswalk_Controller|Counter32Bits:Counter32Bits0        ; Counter32Bits        ; work         ;
;    |Counter32BitsReverse:Counter32Bits1| ; 43 (43)             ; 33 (33)                   ; 0                 ; 0          ; 0    ; 0            ; |Crosswalk_Controller|Counter32BitsReverse:Counter32Bits1 ; Counter32BitsReverse ; work         ;
;    |Counter32BitsReverse:Counter32Bits2| ; 43 (43)             ; 33 (33)                   ; 0                 ; 0          ; 0    ; 0            ; |Crosswalk_Controller|Counter32BitsReverse:Counter32Bits2 ; Counter32BitsReverse ; work         ;
;    |FSM_CWC:FSM_CWC1|                    ; 7 (7)               ; 9 (9)                     ; 0                 ; 0          ; 0    ; 0            ; |Crosswalk_Controller|FSM_CWC:FSM_CWC1                    ; FSM_CWC              ; work         ;
;    |FSM_CWC:FSM_CWC2|                    ; 7 (7)               ; 9 (9)                     ; 0                 ; 0          ; 0    ; 0            ; |Crosswalk_Controller|FSM_CWC:FSM_CWC2                    ; FSM_CWC              ; work         ;
;    |SevenSegments:SevenSegments0|        ; 7 (7)               ; 0 (0)                     ; 0                 ; 0          ; 0    ; 0            ; |Crosswalk_Controller|SevenSegments:SevenSegments0        ; SevenSegments        ; work         ;
;    |SevenSegments:SevenSegments1|        ; 7 (7)               ; 0 (0)                     ; 0                 ; 0          ; 0    ; 0            ; |Crosswalk_Controller|SevenSegments:SevenSegments1        ; SevenSegments        ; work         ;
+------------------------------------------+---------------------+---------------------------+-------------------+------------+------+--------------+-----------------------------------------------------------+----------------------+--------------+
Note: For table entries with two numbers listed, the numbers in parentheses indicate the number of resources of the given type used by the specific entity alone. The numbers listed outside of parentheses indicate the total resources of the given type used by the specific entity and all of its sub-entities in the hierarchy.


+-----------------------------------------------------------------------------------------+
; Registers Removed During Synthesis                                                      ;
+----------------------------------------+------------------------------------------------+
; Register name                          ; Reason for Removal                             ;
+----------------------------------------+------------------------------------------------+
; FSM_CWC:FSM_CWC1|timerValSignal[3..31] ; Merged with FSM_CWC:FSM_CWC1|timerValSignal[0] ;
; FSM_CWC:FSM_CWC2|timerValSignal[3..31] ; Merged with FSM_CWC:FSM_CWC2|timerValSignal[0] ;
; FSM_CWC:FSM_CWC1|timerValSignal[0]     ; Stuck at GND due to stuck port data_in         ;
; FSM_CWC:FSM_CWC2|timerValSignal[0]     ; Stuck at GND due to stuck port data_in         ;
; FSM_CWC:FSM_CWC1|timerValSignal[2]     ; Merged with FSM_CWC:FSM_CWC1|State.YELLOWS     ;
; FSM_CWC:FSM_CWC1|timerValSignal[1]     ; Merged with FSM_CWC:FSM_CWC1|State.GREENS      ;
; FSM_CWC:FSM_CWC2|timerValSignal[2]     ; Merged with FSM_CWC:FSM_CWC2|State.YELLOWS     ;
; FSM_CWC:FSM_CWC2|timerValSignal[1]     ; Merged with FSM_CWC:FSM_CWC2|State.GREENS      ;
; Total Number of Removed Registers = 64 ;                                                ;
+----------------------------------------+------------------------------------------------+


+------------------------------------------------------+
; General Register Statistics                          ;
+----------------------------------------------+-------+
; Statistic                                    ; Value ;
+----------------------------------------------+-------+
; Total registers                              ; 117   ;
; Number of registers using Synchronous Clear  ; 92    ;
; Number of registers using Synchronous Load   ; 0     ;
; Number of registers using Asynchronous Clear ; 16    ;
; Number of registers using Asynchronous Load  ; 0     ;
; Number of registers using Clock Enable       ; 74    ;
; Number of registers using Preset             ; 0     ;
+----------------------------------------------+-------+


+--------------------------------------------------+
; Inverted Register Statistics                     ;
+----------------------------------------+---------+
; Inverted Register                      ; Fan out ;
+----------------------------------------+---------+
; FSM_CWC:FSM_CWC1|greenSignal           ; 1       ;
; FSM_CWC:FSM_CWC2|redSignal             ; 1       ;
; FSM_CWC:FSM_CWC1|State.GREENS          ; 4       ;
; FSM_CWC:FSM_CWC2|State.REDS            ; 4       ;
; Total number of inverted registers = 4 ;         ;
+----------------------------------------+---------+


+----------------------------------------------------------------------------------------------------------------------------------------------------------------------------------------+
; Multiplexer Restructuring Statistics (Restructuring Performed)                                                                                                                         ;
+--------------------+-----------+---------------+----------------------+------------------------+------------+--------------------------------------------------------------------------+
; Multiplexer Inputs ; Bus Width ; Baseline Area ; Area if Restructured ; Saving if Restructured ; Registered ; Example Multiplexer Output                                               ;
+--------------------+-----------+---------------+----------------------+------------------------+------------+--------------------------------------------------------------------------+
; 3:1                ; 30 bits   ; 60 LEs        ; 0 LEs                ; 60 LEs                 ; Yes        ; |Crosswalk_Controller|Counter32BitsReverse:Counter32Bits1|countSignal[0] ;
; 3:1                ; 2 bits    ; 4 LEs         ; 2 LEs                ; 2 LEs                  ; Yes        ; |Crosswalk_Controller|Counter32BitsReverse:Counter32Bits1|countSignal[2] ;
; 3:1                ; 30 bits   ; 60 LEs        ; 0 LEs                ; 60 LEs                 ; Yes        ; |Crosswalk_Controller|Counter32BitsReverse:Counter32Bits2|countSignal[6] ;
; 3:1                ; 2 bits    ; 4 LEs         ; 2 LEs                ; 2 LEs                  ; Yes        ; |Crosswalk_Controller|Counter32BitsReverse:Counter32Bits2|countSignal[2] ;
; 3:1                ; 32 bits   ; 64 LEs        ; 0 LEs                ; 64 LEs                 ; Yes        ; |Crosswalk_Controller|Counter32Bits:Counter32Bits0|countSignal[2]        ;
+--------------------+-----------+---------------+----------------------+------------------------+------------+--------------------------------------------------------------------------+


+--------------------------------------------------+
; Port Connectivity Checks: "FSM_CWC:FSM_CWC2"     ;
+----------------+-------+----------+--------------+
; Port           ; Type  ; Severity ; Details      ;
+----------------+-------+----------+--------------+
; statei.GREENS  ; Input ; Info     ; Stuck at GND ;
; statei.YELLOWS ; Input ; Info     ; Stuck at GND ;
; statei.REDS    ; Input ; Info     ; Stuck at VCC ;
; greent[31..3]  ; Input ; Info     ; Stuck at GND ;
; greent[1..0]   ; Input ; Info     ; Stuck at GND ;
; greent[2]      ; Input ; Info     ; Stuck at VCC ;
; yellowt[31..2] ; Input ; Info     ; Stuck at GND ;
; yellowt[1]     ; Input ; Info     ; Stuck at VCC ;
; yellowt[0]     ; Input ; Info     ; Stuck at GND ;
; redt[2..1]     ; Input ; Info     ; Stuck at VCC ;
; redt[31..3]    ; Input ; Info     ; Stuck at GND ;
; redt[0]        ; Input ; Info     ; Stuck at GND ;
+----------------+-------+----------+--------------+


+--------------------------------------------------+
; Port Connectivity Checks: "FSM_CWC:FSM_CWC1"     ;
+----------------+-------+----------+--------------+
; Port           ; Type  ; Severity ; Details      ;
+----------------+-------+----------+--------------+
; statei.GREENS  ; Input ; Info     ; Stuck at VCC ;
; statei.YELLOWS ; Input ; Info     ; Stuck at GND ;
; statei.REDS    ; Input ; Info     ; Stuck at GND ;
; greent[31..3]  ; Input ; Info     ; Stuck at GND ;
; greent[1..0]   ; Input ; Info     ; Stuck at GND ;
; greent[2]      ; Input ; Info     ; Stuck at VCC ;
; yellowt[31..2] ; Input ; Info     ; Stuck at GND ;
; yellowt[1]     ; Input ; Info     ; Stuck at VCC ;
; yellowt[0]     ; Input ; Info     ; Stuck at GND ;
; redt[2..1]     ; Input ; Info     ; Stuck at VCC ;
; redt[31..3]    ; Input ; Info     ; Stuck at GND ;
; redt[0]        ; Input ; Info     ; Stuck at GND ;
+----------------+-------+----------+--------------+


+----------------------------------------------------------+
; Port Connectivity Checks: "Counter32Bits:Counter32Bits0" ;
+------------+-------+----------+--------------------------+
; Port       ; Type  ; Severity ; Details                  ;
+------------+-------+----------+--------------------------+
; enable     ; Input ; Info     ; Stuck at VCC             ;
; max[1..0]  ; Input ; Info     ; Stuck at VCC             ;
; max[31..2] ; Input ; Info     ; Stuck at GND             ;
+------------+-------+----------+--------------------------+


+-----------------------------------------------------+
; Post-Synthesis Netlist Statistics for Top Partition ;
+-----------------------+-----------------------------+
; Type                  ; Count                       ;
+-----------------------+-----------------------------+
; arriav_ff             ; 117                         ;
;     CLR               ; 4                           ;
;     ENA               ; 2                           ;
;     ENA CLR           ; 12                          ;
;     ENA SCLR          ; 60                          ;
;     SCLR              ; 32                          ;
;     plain             ; 7                           ;
; arriav_lcell_comb     ; 156                         ;
;     arith             ; 96                          ;
;         1 data inputs ; 96                          ;
;     normal            ; 60                          ;
;         1 data inputs ; 12                          ;
;         2 data inputs ; 6                           ;
;         3 data inputs ; 2                           ;
;         4 data inputs ; 2                           ;
;         5 data inputs ; 16                          ;
;         6 data inputs ; 22                          ;
; boundary_port         ; 120                         ;
;                       ;                             ;
; Max LUT depth         ; 4.10                        ;
; Average LUT depth     ; 2.91                        ;
+-----------------------+-----------------------------+


+-------------------------------+
; Elapsed Time Per Partition    ;
+----------------+--------------+
; Partition Name ; Elapsed Time ;
+----------------+--------------+
; Top            ; 00:00:00     ;
+----------------+--------------+


+-------------------------------+
; Analysis & Synthesis Messages ;
+-------------------------------+
Info: *******************************************************************
Info: Running Quartus Prime Analysis & Synthesis
    Info: Version 20.1.1 Build 720 11/11/2020 SJ Lite Edition
    Info: Processing started: Thu Aug 12 19:09:11 2021
Info: Command: quartus_map --read_settings_files=on --write_settings_files=off Crosswalk_Controller -c Crosswalk_Controller
Warning (18236): Number of processors has not been specified which may cause overloading on shared machines.  Set the global assignment NUM_PARALLEL_PROCESSORS in your QSF to an appropriate value for best performance.
Info (20030): Parallel compilation is enabled and will use 4 of the 4 processors detected
Info (12021): Found 2 design units, including 1 entities, in source file sevensegments.vhd
    Info (12022): Found design unit 1: SevenSegments-Behavioral File: C:/Users/yodav/Documents/Conestoga_College/FIRST_TERM/Digital_Design/LABS/Lab10/VHDL/SevenSegments.vhd Line: 32
    Info (12023): Found entity 1: SevenSegments File: C:/Users/yodav/Documents/Conestoga_College/FIRST_TERM/Digital_Design/LABS/Lab10/VHDL/SevenSegments.vhd Line: 22
Info (12021): Found 2 design units, including 1 entities, in source file counter16bits.vhd
    Info (12022): Found design unit 1: Counter16Bits-Behavioral File: C:/Users/yodav/Documents/Conestoga_College/FIRST_TERM/Digital_Design/LABS/Lab10/VHDL/Counter16Bits.vhd Line: 34
    Info (12023): Found entity 1: Counter16Bits File: C:/Users/yodav/Documents/Conestoga_College/FIRST_TERM/Digital_Design/LABS/Lab10/VHDL/Counter16Bits.vhd Line: 22
Info (12021): Found 2 design units, including 1 entities, in source file crosswalk_controller.vhd
    Info (12022): Found design unit 1: Crosswalk_Controller-Behavioral File: C:/Users/yodav/Documents/Conestoga_College/FIRST_TERM/Digital_Design/LABS/Lab10/VHDL/Crosswalk_Controller.vhd Line: 51
    Info (12023): Found entity 1: Crosswalk_Controller File: C:/Users/yodav/Documents/Conestoga_College/FIRST_TERM/Digital_Design/LABS/Lab10/VHDL/Crosswalk_Controller.vhd Line: 21
Info (12021): Found 2 design units, including 1 entities, in source file counter32bits.vhd
    Info (12022): Found design unit 1: Counter32Bits-Behavioral File: C:/Users/yodav/Documents/Conestoga_College/FIRST_TERM/Digital_Design/LABS/Lab10/VHDL/Counter32Bits.vhd Line: 36
    Info (12023): Found entity 1: Counter32Bits File: C:/Users/yodav/Documents/Conestoga_College/FIRST_TERM/Digital_Design/LABS/Lab10/VHDL/Counter32Bits.vhd Line: 20
Info (12021): Found 2 design units, including 1 entities, in source file fsm_cwc.vhd
    Info (12022): Found design unit 1: FSM_CWC-Behavioral File: C:/Users/yodav/Documents/Conestoga_College/FIRST_TERM/Digital_Design/LABS/Lab10/VHDL/FSM_CWC.vhd Line: 49
    Info (12023): Found entity 1: FSM_CWC File: C:/Users/yodav/Documents/Conestoga_College/FIRST_TERM/Digital_Design/LABS/Lab10/VHDL/FSM_CWC.vhd Line: 21
Info (12021): Found 2 design units, including 1 entities, in source file counter32bitsreverse.vhd
    Info (12022): Found design unit 1: Counter32BitsReverse-Behavioral File: C:/Users/yodav/Documents/Conestoga_College/FIRST_TERM/Digital_Design/LABS/Lab10/VHDL/Counter32BitsReverse.vhd Line: 36
    Info (12023): Found entity 1: Counter32BitsReverse File: C:/Users/yodav/Documents/Conestoga_College/FIRST_TERM/Digital_Design/LABS/Lab10/VHDL/Counter32BitsReverse.vhd Line: 20
Info (12021): Found 1 design units, including 0 entities, in source file state_package.vhd
    Info (12022): Found design unit 1: State_Package File: C:/Users/yodav/Documents/Conestoga_College/FIRST_TERM/Digital_Design/LABS/Lab10/VHDL/State_Package.vhd Line: 4
Info (12127): Elaborating entity "Crosswalk_Controller" for the top level hierarchy
Info (12128): Elaborating entity "SevenSegments" for hierarchy "SevenSegments:SevenSegments0" File: C:/Users/yodav/Documents/Conestoga_College/FIRST_TERM/Digital_Design/LABS/Lab10/VHDL/Crosswalk_Controller.vhd Line: 139
Info (12128): Elaborating entity "Counter32Bits" for hierarchy "Counter32Bits:Counter32Bits0" File: C:/Users/yodav/Documents/Conestoga_College/FIRST_TERM/Digital_Design/LABS/Lab10/VHDL/Crosswalk_Controller.vhd Line: 147
Info (12128): Elaborating entity "Counter32BitsReverse" for hierarchy "Counter32BitsReverse:Counter32Bits1" File: C:/Users/yodav/Documents/Conestoga_College/FIRST_TERM/Digital_Design/LABS/Lab10/VHDL/Crosswalk_Controller.vhd Line: 152
Info (12128): Elaborating entity "FSM_CWC" for hierarchy "FSM_CWC:FSM_CWC1" File: C:/Users/yodav/Documents/Conestoga_College/FIRST_TERM/Digital_Design/LABS/Lab10/VHDL/Crosswalk_Controller.vhd Line: 156
Warning (10492): VHDL Process Statement warning at FSM_CWC.vhd(78): signal "stateI" is read inside the Process Statement but isn't in the Process Statement's sensitivity list File: C:/Users/yodav/Documents/Conestoga_College/FIRST_TERM/Digital_Design/LABS/Lab10/VHDL/FSM_CWC.vhd Line: 78
Warning (10492): VHDL Process Statement warning at FSM_CWC.vhd(79): signal "stateI" is read inside the Process Statement but isn't in the Process Statement's sensitivity list File: C:/Users/yodav/Documents/Conestoga_College/FIRST_TERM/Digital_Design/LABS/Lab10/VHDL/FSM_CWC.vhd Line: 79
Warning (10492): VHDL Process Statement warning at FSM_CWC.vhd(83): signal "greenT" is read inside the Process Statement but isn't in the Process Statement's sensitivity list File: C:/Users/yodav/Documents/Conestoga_College/FIRST_TERM/Digital_Design/LABS/Lab10/VHDL/FSM_CWC.vhd Line: 83
Warning (10492): VHDL Process Statement warning at FSM_CWC.vhd(85): signal "stateI" is read inside the Process Statement but isn't in the Process Statement's sensitivity list File: C:/Users/yodav/Documents/Conestoga_College/FIRST_TERM/Digital_Design/LABS/Lab10/VHDL/FSM_CWC.vhd Line: 85
Warning (10492): VHDL Process Statement warning at FSM_CWC.vhd(89): signal "redT" is read inside the Process Statement but isn't in the Process Statement's sensitivity list File: C:/Users/yodav/Documents/Conestoga_College/FIRST_TERM/Digital_Design/LABS/Lab10/VHDL/FSM_CWC.vhd Line: 89
Warning (10492): VHDL Process Statement warning at FSM_CWC.vhd(91): signal "stateI" is read inside the Process Statement but isn't in the Process Statement's sensitivity list File: C:/Users/yodav/Documents/Conestoga_College/FIRST_TERM/Digital_Design/LABS/Lab10/VHDL/FSM_CWC.vhd Line: 91
Warning (10492): VHDL Process Statement warning at FSM_CWC.vhd(95): signal "yellowT" is read inside the Process Statement but isn't in the Process Statement's sensitivity list File: C:/Users/yodav/Documents/Conestoga_College/FIRST_TERM/Digital_Design/LABS/Lab10/VHDL/FSM_CWC.vhd Line: 95
Info (10018): Can't recognize finite state machine "State" because it has a complex reset state
Info (13000): Registers with preset signals will power-up high File: C:/Users/yodav/Documents/Conestoga_College/FIRST_TERM/Digital_Design/LABS/Lab10/VHDL/FSM_CWC.vhd Line: 76
Info (13003): DEV_CLRn pin will set, and not reset, register with preset signal due to NOT Gate Push-Back
Info (286030): Timing-Driven Synthesis is running
Critical Warning (18061): Ignored Power-Up Level option on the following registers
    Critical Warning (18010): Register FSM_CWC:FSM_CWC2|State.REDS will power up to High File: C:/Users/yodav/Documents/Conestoga_College/FIRST_TERM/Digital_Design/LABS/Lab10/VHDL/FSM_CWC.vhd Line: 55
    Critical Warning (18010): Register FSM_CWC:FSM_CWC2|State.GREENS will power up to Low File: C:/Users/yodav/Documents/Conestoga_College/FIRST_TERM/Digital_Design/LABS/Lab10/VHDL/FSM_CWC.vhd Line: 55
Info (16010): Generating hard_block partition "hard_block:auto_generated_inst"
    Info (16011): Adding 0 node(s), including 0 DDIO, 0 PLL, 0 transceiver and 0 LCELL
Info (21057): Implemented 281 device resources after synthesis - the final resource count might be different
    Info (21058): Implemented 4 input pins
    Info (21059): Implemented 116 output pins
    Info (21061): Implemented 161 logic cells
Info: Quartus Prime Analysis & Synthesis was successful. 0 errors, 11 warnings
    Info: Peak virtual memory: 4844 megabytes
    Info: Processing ended: Thu Aug 12 19:09:21 2021
    Info: Elapsed time: 00:00:10
    Info: Total CPU time (on all processors): 00:00:21


